// Jest Snapshot v1, https://goo.gl/fbAQLP

exports[`should be able to render 1`] = `
<div>
  <p>
    This is the aboot page
  </p>
</div>
`;
